#
# There is insufficient memory for the Java Runtime Environment to continue.
# Native memory allocation (mmap) failed to map 130023424 bytes. Error detail: G1 virtual space
# Possible reasons:
#   The system is out of physical RAM or swap space
#   This process is running with CompressedOops enabled, and the Java Heap may be blocking the growth of the native heap
# Possible solutions:
#   Reduce memory load on the system
#   Increase physical memory or swap space
#   Check if swap backing store is full
#   Decrease Java heap size (-Xmx/-Xms)
#   Decrease number of Java threads
#   Decrease Java thread stack sizes (-Xss)
#   Set larger code cache with -XX:ReservedCodeCacheSize=
#   JVM is running with Unscaled Compressed Oops mode in which the Java heap is
#     placed in the first 4GB address space. The Java Heap base address is the
#     maximum limit for the native heap growth. Please use -XX:HeapBaseMinAddress
#     to set the Java Heap base and to place the Java Heap above 4GB virtual address.
# This output file may be truncated or incomplete.
#
#  Out of Memory Error (os_windows.cpp:3630), pid=5324, tid=13304
#
# JRE version:  (17.0.20+8) (build )
# Java VM: OpenJDK 64-Bit Server VM (17.0.20+8, mixed mode, sharing, tiered, compressed oops, compressed class ptrs, g1 gc, windows-amd64)
# No core dump will be written. Minidumps are not enabled by default on client versions of Windows
#

---------------  S U M M A R Y ------------

Command Line: -Dfile.encoding=UTF-8 -Dstdout.encoding=UTF-8 -Dstderr.encoding=UTF-8 -XX:+ShowCodeDetailsInExceptionMessages com.wexa.jobreferralnetwork.JobreferralnetworkApplication

Host: 13th Gen Intel(R) Core(TM) i5-1334U, 12 cores, 7G,  Windows 11 , 64 bit Build 26100 (10.0.26100.8875)
Time: Thu Aug  6 19:23:35 2026 India Standard Time elapsed time: 3.051322 seconds (0d 0h 0m 3s)

---------------  T H R E A D  ---------------

Current thread (0x000001551f4019f0):  JavaThread "Unknown thread" [_thread_in_vm, id=13304, stack(0x0000003561700000,0x0000003561800000)]

Stack: [0x0000003561700000,0x0000003561800000]
Native frames: (J=compiled Java code, j=interpreted, Vv=VM code, C=native code)
V  [jvm.dll+0x684d39]
V  [jvm.dll+0x83a565]
V  [jvm.dll+0x83bfde]
V  [jvm.dll+0x83c663]
V  [jvm.dll+0x2490cf]
V  [jvm.dll+0x681af9]
V  [jvm.dll+0x6768ba]
V  [jvm.dll+0x309467]
V  [jvm.dll+0x310a56]
V  [jvm.dll+0x360f3e]
V  [jvm.dll+0x36117d]
V  [jvm.dll+0x2e04ec]
V  [jvm.dll+0x2e13f8]
V  [jvm.dll+0x80d42b]
V  [jvm.dll+0x36ebc1]
V  [jvm.dll+0x7ebfd5]
V  [jvm.dll+0x3f47ab]
V  [jvm.dll+0x3f6291]
C  [jli.dll+0x52dc]
C  [ucrtbase.dll+0x2cd30]
C  [KERNEL32.DLL+0x2e957]
C  [ntdll.dll+0xaad6c]


---------------  P R O C E S S  ---------------

Threads class SMR info:
_java_thread_list=0x00007ffdb10b8f58, length=0, elements={
}

Java Threads: ( => current thread )

Other Threads:
  0x000001551f45be00 GCTaskThread "GC Thread#0" [stack: 0x0000003561800000,0x0000003561900000] [id=32920]
  0x000001551f46cf70 ConcurrentGCThread "G1 Main Marker" [stack: 0x0000003561900000,0x0000003561a00000] [id=22816]
  0x000001551f46eef0 ConcurrentGCThread "G1 Conc#0" [stack: 0x0000003561a00000,0x0000003561b00000] [id=34328]

[error occurred during error reporting (printing all threads), id 0xc0000005, EXCEPTION_ACCESS_VIOLATION (0xc0000005) at pc=0x00007ffdb0871017]

VM state: not at safepoint (not fully initialized)

VM Mutex/Monitor currently owned by a thread:  ([mutex/lock_event])
[0x000001551d1bd7b0] Heap_lock - owner thread: 0x000001551f4019f0

Heap address: 0x0000000084e00000, size: 1970 MB, Compressed Oops mode: 32-bit

CDS archive(s) mapped at: [0x0000000000000000-0x0000000000000000-0x0000000000000000), size 0, SharedBaseAddress: 0x0000000800000000, ArchiveRelocationMode: 1.
Narrow klass base: 0x0000000000000000, Narrow klass shift: 0, Narrow klass range: 0x0

GC Precious Log:
<Empty>

Heap:
 garbage-first heap   total 0K, used 0K [0x0000000084e00000, 0x0000000100000000)
  region size 1024K, 0 young (0K), 0 survivors (0K)

[error occurred during error reporting (printing heap information), id 0xc0000005, EXCEPTION_ACCESS_VIOLATION (0xc0000005) at pc=0x00007ffdb0c5e379]

GC Heap History (0 events):
No events

Dll operation events (1 events):
Event: 0.014 Loaded shared library C:\Program Files\Eclipse Adoptium\jdk-17.0.20.8-hotspot\bin\java.dll

Deoptimization events (0 events):
No events

Classes loaded (0 events):
No events

Classes unloaded (0 events):
No events

Classes redefined (0 events):
No events

Internal exceptions (0 events):
No events

VM Operations (0 events):
No events

Memory protections (0 events):
No events

Nmethod flushes (0 events):
No events

Events (0 events):
No events


Dynamic libraries:
0x00007ff77ece0000 - 0x00007ff77ecee000 	C:\Program Files\Eclipse Adoptium\jdk-17.0.20.8-hotspot\bin\javaw.exe
0x00007ffe50820000 - 0x00007ffe50a86000 	C:\WINDOWS\SYSTEM32\ntdll.dll
0x00007ffe50410000 - 0x00007ffe504d9000 	C:\WINDOWS\System32\KERNEL32.DLL
0x00007ffe4dd10000 - 0x00007ffe4e10e000 	C:\WINDOWS\System32\KERNELBASE.dll
0x00007ffe4e120000 - 0x00007ffe4e26c000 	C:\WINDOWS\System32\ucrtbase.dll
0x00007ffe3b110000 - 0x00007ffe3b128000 	C:\Program Files\Eclipse Adoptium\jdk-17.0.20.8-hotspot\bin\jli.dll
0x00007ffe4fdf0000 - 0x00007ffe4ffb7000 	C:\WINDOWS\System32\USER32.dll
0x00007ffe3b7b0000 - 0x00007ffe3b7ce000 	C:\Program Files\Eclipse Adoptium\jdk-17.0.20.8-hotspot\bin\VCRUNTIME140.dll
0x00007ffe4e3f0000 - 0x00007ffe4e417000 	C:\WINDOWS\System32\win32u.dll
0x00007ffe2b600000 - 0x00007ffe2b892000 	C:\WINDOWS\WinSxS\amd64_microsoft.windows.common-controls_6595b64144ccf1df_6.0.26100.8875_none_3e0d5d42e32fe9dd\COMCTL32.dll
0x00007ffe503e0000 - 0x00007ffe5040b000 	C:\WINDOWS\System32\GDI32.dll
0x00007ffe4e420000 - 0x00007ffe4e54a000 	C:\WINDOWS\System32\gdi32full.dll
0x00007ffe50210000 - 0x00007ffe502b9000 	C:\WINDOWS\System32\msvcrt.dll
0x00007ffe4e280000 - 0x00007ffe4e323000 	C:\WINDOWS\System32\msvcp_win.dll
0x00007ffe506f0000 - 0x00007ffe50722000 	C:\WINDOWS\System32\IMM32.DLL
0x00007ffe41220000 - 0x00007ffe4122c000 	C:\Program Files\Eclipse Adoptium\jdk-17.0.20.8-hotspot\bin\vcruntime140_1.dll
0x00007ffe285c0000 - 0x00007ffe2864d000 	C:\Program Files\Eclipse Adoptium\jdk-17.0.20.8-hotspot\bin\msvcp140.dll
0x00007ffdb0580000 - 0x00007ffdb11ec000 	C:\Program Files\Eclipse Adoptium\jdk-17.0.20.8-hotspot\bin\server\jvm.dll
0x00007ffe4f010000 - 0x00007ffe4f0c7000 	C:\WINDOWS\System32\ADVAPI32.dll
0x00007ffe4e630000 - 0x00007ffe4e6da000 	C:\WINDOWS\System32\sechost.dll
0x00007ffe4e7e0000 - 0x00007ffe4e8f8000 	C:\WINDOWS\System32\RPCRT4.dll
0x00007ffe50730000 - 0x00007ffe507b0000 	C:\WINDOWS\System32\WS2_32.dll
0x00007ffe4d8c0000 - 0x00007ffe4d91e000 	C:\WINDOWS\SYSTEM32\POWRPROF.dll
0x00007ffe2fa60000 - 0x00007ffe2fa6b000 	C:\WINDOWS\SYSTEM32\VERSION.dll
0x00007ffe46100000 - 0x00007ffe46136000 	C:\WINDOWS\SYSTEM32\WINMM.dll
0x00007ffe4d8a0000 - 0x00007ffe4d8b4000 	C:\WINDOWS\SYSTEM32\UMPDC.dll
0x00007ffe4c700000 - 0x00007ffe4c71b000 	C:\WINDOWS\SYSTEM32\kernel.appcore.dll
0x00007ffe3b7a0000 - 0x00007ffe3b7aa000 	C:\Program Files\Eclipse Adoptium\jdk-17.0.20.8-hotspot\bin\jimage.dll
0x00007ffe4b170000 - 0x00007ffe4b3b2000 	C:\WINDOWS\SYSTEM32\DBGHELP.DLL
0x00007ffe4fa60000 - 0x00007ffe4fde3000 	C:\WINDOWS\System32\combase.dll
0x00007ffe4e550000 - 0x00007ffe4e629000 	C:\WINDOWS\System32\OLEAUT32.dll
0x00007ffe288d0000 - 0x00007ffe2890b000 	C:\WINDOWS\SYSTEM32\dbgcore.DLL
0x00007ffe4dc50000 - 0x00007ffe4dcfc000 	C:\WINDOWS\System32\bcryptPrimitives.dll
0x00007ffe38620000 - 0x00007ffe38645000 	C:\Program Files\Eclipse Adoptium\jdk-17.0.20.8-hotspot\bin\java.dll

dbghelp: loaded successfully - version: 4.0.5 - missing functions: none
symbol engine: initialized successfully - sym options: 0x614 - pdb path: .;C:\Program Files\Eclipse Adoptium\jdk-17.0.20.8-hotspot\bin;C:\WINDOWS\SYSTEM32;C:\WINDOWS\WinSxS\amd64_microsoft.windows.common-controls_6595b64144ccf1df_6.0.26100.8875_none_3e0d5d42e32fe9dd;C:\Program Files\Eclipse Adoptium\jdk-17.0.20.8-hotspot\bin\server

VM Arguments:
jvm_args: -Dfile.encoding=UTF-8 -Dstdout.encoding=UTF-8 -Dstderr.encoding=UTF-8 -XX:+ShowCodeDetailsInExceptionMessages 
java_command: com.wexa.jobreferralnetwork.JobreferralnetworkApplication
java_class_path (initial): C:\Users\sagar\Downloads\jobreferralnetwork\jobreferralnetwork\target\classes;C:\Users\sagar\.m2\repository\org\springframework\boot\spring-boot-starter-web\3.5.3\spring-boot-starter-web-3.5.3.jar;C:\Users\sagar\.m2\repository\org\springframework\boot\spring-boot-starter\3.5.3\spring-boot-starter-3.5.3.jar;C:\Users\sagar\.m2\repository\org\springframework\boot\spring-boot\3.5.3\spring-boot-3.5.3.jar;C:\Users\sagar\.m2\repository\org\springframework\boot\spring-boot-autoconfigure\3.5.3\spring-boot-autoconfigure-3.5.3.jar;C:\Users\sagar\.m2\repository\org\springframework\boot\spring-boot-starter-logging\3.5.3\spring-boot-starter-logging-3.5.3.jar;C:\Users\sagar\.m2\repository\ch\qos\logback\logback-classic\1.5.18\logback-classic-1.5.18.jar;C:\Users\sagar\.m2\repository\ch\qos\logback\logback-core\1.5.18\logback-core-1.5.18.jar;C:\Users\sagar\.m2\repository\org\apache\logging\log4j\log4j-to-slf4j\2.24.3\log4j-to-slf4j-2.24.3.jar;C:\Users\sagar\.m2\repository\org\apache\logging\log4j\log4j-api\2.24.3\log4j-api-2.24.3.jar;C:\Users\sagar\.m2\repository\org\slf4j\jul-to-slf4j\2.0.17\jul-to-slf4j-2.0.17.jar;C:\Users\sagar\.m2\repository\jakarta\annotation\jakarta.annotation-api\2.1.1\jakarta.annotation-api-2.1.1.jar;C:\Users\sagar\.m2\repository\org\yaml\snakeyaml\2.4\snakeyaml-2.4.jar;C:\Users\sagar\.m2\repository\org\springframework\boot\spring-boot-starter-json\3.5.3\spring-boot-starter-json-3.5.3.jar;C:\Users\sagar\.m2\repository\com\fasterxml\jackson\core\jackson-databind\2.19.1\jackson-databind-2.19.1.jar;C:\Users\sagar\.m2\repository\com\fasterxml\jackson\core\jackson-annotations\2.19.1\jackson-annotations-2.19.1.jar;C:\Users\sagar\.m2\repository\com\fasterxml\jackson\core\jackson-core\2.19.1\jackson-core-2.19.1.jar;C:\Users\sagar\.m2\repository\com\fasterxml\jackson\datatype\jackson-datatype-jdk8\2.19.1\jackson-datatype-jdk8-2.19.1.jar;C:\Users\sagar\.m2\repository\com\fasterxml\jackson\datatype\jackson-datatype-jsr310\2.19.1\jackson-dat
Launcher Type: SUN_STANDARD

[Global flags]
     intx CICompilerCount                          = 4                                         {product} {ergonomic}
     uint ConcGCThreads                            = 3                                         {product} {ergonomic}
     uint G1ConcRefinementThreads                  = 10                                        {product} {ergonomic}
   size_t G1HeapRegionSize                         = 1048576                                   {product} {ergonomic}
    uintx GCDrainStackTargetSize                   = 64                                        {product} {ergonomic}
   size_t InitialHeapSize                          = 130023424                                 {product} {ergonomic}
   size_t MarkStackSize                            = 4194304                                   {product} {ergonomic}
   size_t MaxHeapSize                              = 2065694720                                {product} {ergonomic}
   size_t MinHeapDeltaBytes                        = 1048576                                   {product} {ergonomic}
   size_t MinHeapSize                              = 8388608                                   {product} {ergonomic}
    uintx NonNMethodCodeHeapSize                   = 5839372                                {pd product} {ergonomic}
    uintx NonProfiledCodeHeapSize                  = 122909434                              {pd product} {ergonomic}
    uintx ProfiledCodeHeapSize                     = 122909434                              {pd product} {ergonomic}
    uintx ReservedCodeCacheSize                    = 251658240                              {pd product} {ergonomic}
     bool SegmentedCodeCache                       = true                                      {product} {ergonomic}
     bool ShowCodeDetailsInExceptionMessages       = true                                   {manageable} {command line}
   size_t SoftMaxHeapSize                          = 2065694720                             {manageable} {ergonomic}
     bool UseCompressedClassPointers               = true                           {product lp64_product} {ergonomic}
     bool UseCompressedOops                        = true                           {product lp64_product} {ergonomic}
     bool UseG1GC                                  = true                                      {product} {ergonomic}
     bool UseLargePagesIndividualAllocation        = false                                  {pd product} {ergonomic}

Logging:
Log output configuration:
 #0: stdout all=warning uptime,level,tags
 #1: stderr all=off uptime,level,tags

Environment Variables:
PATH=C:/Users/sagar/Downloads/eclipse-jee-2025-09-M2-win32-x86_64/eclipse//plugins/org.eclipse.justj.openjdk.hotspot.jre.full.win32.x86_64_21.0.8.v20250724-1412/jre/bin/server;C:/Users/sagar/Downloads/eclipse-jee-2025-09-M2-win32-x86_64/eclipse//plugins/org.eclipse.justj.openjdk.hotspot.jre.full.win32.x86_64_21.0.8.v20250724-1412/jre/bin;C:\Program Files\Microsoft MPI\Bin\;C:\WINDOWS\system32;C:\WINDOWS;C:\WINDOWS\System32\Wbem;C:\WINDOWS\System32\WindowsPowerShell\v1.0\;C:\WINDOWS\System32\OpenSSH\;C:\Program Files\dotnet\;C:\Program Files (x86)\Microsoft SQL Server\160\DTS\Binn\;%NVM_HOME%;%NVM_SYMLINK%;C:\Program Files (x86)\Microsoft SQL Server\160\Tools\Binn\;C:\Program Files\Microsoft SQL Server\160\Tools\Binn\;C:\Program Files\Microsoft SQL Server\Client SDK\ODBC\170\Tools\Binn\;C:\Program Files\Microsoft SQL Server\160\DTS\Binn\;C:\Program Files\Git\cmd;C:\Program Files\nodejs\;C:\Users\sagar\AppData\Local\Programs\Python\Python37\Scripts\;C:\Users\sagar\AppData\Local\Programs\Python\Python37\;C:\Users\sagar\AppData\Local\Microsoft\WindowsApps;C:\Users\sagar\AppData\Local\Programs\Microsoft VS Code\bin;C:\Users\sagar\AppData\Roaming\nvm;C:\Program Files\nodejs;C:\Program Files\nodejs;C:\Users\sagar\AppData\Roaming\npm;C:\Users\sagar\Downloads\eclipse-jee-2025-09-M2-win32-x86_64\eclipse;
USERNAME=sagar
OS=Windows_NT
PROCESSOR_IDENTIFIER=Intel64 Family 6 Model 186 Stepping 3, GenuineIntel
TMP=C:\Users\sagar\AppData\Local\Temp
TEMP=C:\Users\sagar\AppData\Local\Temp



Periodic native trim disabled


---------------  S Y S T E M  ---------------

OS:
 Windows 11 , 64 bit Build 26100 (10.0.26100.8875)
OS uptime: 20 days 23:28 hours
Hyper-V role detected

CPU: total 12 (initial active 12) (6 cores per cpu, 2 threads per core) family 6 model 186 stepping 3 microcode 0x6134, cx8, cmov, fxsr, ht, mmx, 3dnowpref, sse, sse2, sse3, ssse3, sse4.1, sse4.2, popcnt, lzcnt, tsc, tscinvbit, avx, avx2, aes, erms, clmul, bmi1, bmi2, adx, sha, fma, vzeroupper, clflush, clflushopt, clwb, hv
Processor Information for all 12 processors :
  Max Mhz: 1300, Current Mhz: 1300, Mhz Limit: 1300

Memory: 4k page, system-wide physical 7876M (440M free)
TotalPageFile size 32452M (AvailPageFile size 118M)
current process WorkingSet (physical memory assigned to process): 12M, peak: 12M
current process commit charge ("private bytes"): 64M, peak: 188M

vm_info: OpenJDK 64-Bit Server VM (17.0.20+8) for windows-amd64 JRE (17.0.20+8), built on Jul 22 2026 00:41:45 by "admin" with MS VC++ 17.12 (VS2022)

END.
